// Jest Snapshot v1, https://goo.gl/fbAQLP

exports[`Home Container Should Render Homepage 1`] = `ShallowWrapper {}`;
